CCS PCM C Compiler, Version 4.068, 54562               03-Mar-24 18:55

               Filename: C:\Users\ACER\Desktop\cift_nihai_buton\ciftli_nihai_button.lst

               ROM used: 108 words (5%)
                         Largest free fragment is 1940
               RAM used: 8 (4%) at main() level
                         8 (4%) worst case
               Stack:    0 locations

*
0000:  MOVLW  00
0001:  MOVWF  0A
0002:  GOTO   004
0003:  NOP
.................... #include "C:\Users\ACER\Desktop\cift_nihai_buton\ciftli_nihai_button.h" 
.................... #include <16F628A.h> 
.................... //////// Standard Header file for the PIC16F628A device //////////////// 
.................... #device PIC16F628A 
.................... #list 
....................  
....................  
.................... #FUSES NOWDT                 	//No Watch Dog Timer 
.................... #FUSES INTRC                 	//Internal RC Osc 
.................... #FUSES NOPUT                 	//No Power Up Timer 
.................... #FUSES NOPROTECT             	//Code not protected from reading 
.................... #FUSES NOBROWNOUT            	//No brownout reset 
.................... #FUSES NOMCLR                	//Master Clear pin used for I/O 
.................... #FUSES NOLVP                 	//No low voltage prgming, B3(PIC16) or B5(PIC18) used for I/O 
.................... #FUSES NOCPD                 	//No EE protection 
....................  
.................... #use delay(clock=4000000) 
....................  
....................  
.................... #define alt_but pin_a0 
.................... #define ust_but pin_a1 
.................... #define hareket_but pin_a2 
.................... int i=0;  
*
000D:  CLRF   20
....................  
.................... void main() 
.................... { 
*
0004:  CLRF   04
0005:  BCF    03.7
0006:  MOVLW  1F
0007:  ANDWF  03,F
0008:  BSF    03.5
0009:  BSF    0E.3
000A:  MOVLW  07
000B:  BCF    03.5
000C:  MOVWF  1F
....................  
....................    setup_timer_0(RTCC_INTERNAL|RTCC_DIV_1); 
*
000E:  BSF    03.5
000F:  MOVF   01,W
0010:  ANDLW  C7
0011:  IORLW  08
0012:  MOVWF  01
....................    setup_timer_1(T1_DISABLED); 
0013:  BCF    03.5
0014:  CLRF   10
....................    setup_timer_2(T2_DISABLED,0,1); 
0015:  MOVLW  00
0016:  MOVWF  78
0017:  MOVWF  12
0018:  MOVLW  00
0019:  BSF    03.5
001A:  MOVWF  12
....................    setup_comparator(NC_NC_NC_NC); 
001B:  MOVLW  07
001C:  BCF    03.5
001D:  MOVWF  1F
001E:  BSF    03.5
001F:  MOVF   05,W
0020:  MOVLW  03
0021:  MOVWF  77
0022:  DECFSZ 77,F
0023:  GOTO   022
0024:  BCF    03.5
0025:  MOVF   1F,W
0026:  BCF    0C.6
....................    setup_vref(FALSE); 
0027:  BSF    03.5
0028:  CLRF   1F
....................    output_b(0); 
0029:  CLRF   06
002A:  BCF    03.5
002B:  CLRF   06
....................  
....................    while(true) 
....................    { 
....................        
....................       //////// ilk hareket /////////// 
....................       if(input(hareket_but)==1 && i==0) 
002C:  BSF    03.5
002D:  BSF    05.2
002E:  BCF    03.5
002F:  BTFSS  05.2
0030:  GOTO   041
0031:  MOVF   20,F
0032:  BTFSS  03.2
0033:  GOTO   041
....................       { 
....................             while(input(hareket_but)==1 && i==0); 
0034:  BSF    03.5
0035:  BSF    05.2
0036:  BCF    03.5
0037:  BTFSS  05.2
0038:  GOTO   03C
0039:  MOVF   20,F
003A:  BTFSC  03.2
003B:  GOTO   034
....................             output_toggle(pin_b0); 
003C:  BSF    03.5
003D:  BCF    06.0
003E:  MOVLW  01
003F:  BCF    03.5
0040:  XORWF  06,F
....................       } 
....................      ////////////////////////////////// 
....................       
....................       if(input(hareket_but)==1 && i==1) 
0041:  BSF    03.5
0042:  BSF    05.2
0043:  BCF    03.5
0044:  BTFSS  05.2
0045:  GOTO   055
0046:  DECFSZ 20,W
0047:  GOTO   055
....................       { 
....................             while(input(hareket_but)==1 && i==0); 
0048:  BSF    03.5
0049:  BSF    05.2
004A:  BCF    03.5
004B:  BTFSS  05.2
004C:  GOTO   050
004D:  MOVF   20,F
004E:  BTFSC  03.2
004F:  GOTO   048
....................             output_toggle(pin_b1); 
0050:  BSF    03.5
0051:  BCF    06.1
0052:  MOVLW  02
0053:  BCF    03.5
0054:  XORWF  06,F
....................       } 
....................      //////////////////////////////////      
....................       
....................       if(input(alt_but)==1) 
0055:  BSF    03.5
0056:  BSF    05.0
0057:  BCF    03.5
0058:  BTFSS  05.0
0059:  GOTO   060
....................       { 
....................             output_low(pin_b0); 
005A:  BSF    03.5
005B:  BCF    06.0
005C:  BCF    03.5
005D:  BCF    06.0
....................             i=1; 
005E:  MOVLW  01
005F:  MOVWF  20
....................       }       
....................        
....................       if(input(ust_but)==1) 
0060:  BSF    03.5
0061:  BSF    05.1
0062:  BCF    03.5
0063:  BTFSS  05.1
0064:  GOTO   06A
....................       { 
....................             output_low(pin_b1); 
0065:  BSF    03.5
0066:  BCF    06.1
0067:  BCF    03.5
0068:  BCF    06.1
....................             i=0; 
0069:  CLRF   20
....................       }       
....................     
....................           
....................     
....................     
....................    } 
006A:  GOTO   02C
....................  
.................... } 
006B:  SLEEP

Configuration Fuses:
   Word  1: 3F19   NOWDT NOPUT NOPROTECT NOBROWNOUT NOMCLR NOLVP INTRC NOCPD
