
ROM used: 108 (5%)
          108 (5%) including unused fragments

          0 Average locations per line
          4 Average locations per statement

RAM used: 8 (4%) at main() level
          8 (4%) worst case

Stack used: 0 worst case (out of 8 total available)

Lines Stmts  %   Files
----- ----- ---  -----
   53    26 100  ciftli_nihai_button.c
   14     0   0  ciftli_nihai_button.h
  208     0   0  ..\..\..\..\Program Files (x86)\PICC\devices\16F628A.h
----- -----
  275    26 Total

Page ROM  %  RAM   Vol Diff  Functions:
---- --- --- ---   --- ----  ----------
0    104  96   1   750  4.8  main

Program metrics:
    Functions               1
    Statements              26
    Comments                66
    Volume (V)              750
    Difficilty (D)          4.8
    Effort to implement (E) 3614
    Time to implement (T)   3 minutes
    Est Delivered Bugs (B)  0
    Cyclomatic Complexity   4
    Maintainability (MI)    84

 Segment     Used  Free
-----------  ----  ----
00000-00003     4  0  
00004-007FF   104  1940  



