CCS PCM C Compiler, Version 4.068, 54562               05-Mar-24 17:01

               Filename: C:\Users\ACER\Desktop\cift_nihai_buton\main.lst

               ROM used: 120 words (6%)
                         Largest free fragment is 1928
               RAM used: 8 (4%) at main() level
                         9 (4%) worst case
               Stack:    1 locations

*
0000:  MOVLW  00
0001:  MOVWF  0A
0002:  GOTO   019
0003:  NOP
.................... #include "C:\Users\ACER\Desktop\cift_nihai_buton\main.h" 
.................... #include <16F628A.h> 
.................... //////// Standard Header file for the PIC16F628A device //////////////// 
.................... #device PIC16F628A 
.................... #list 
....................  
....................  
.................... #FUSES NOWDT                 	//No Watch Dog Timer 
.................... #FUSES INTRC                 	//Internal RC Osc 
.................... #FUSES NOPUT                 	//No Power Up Timer 
.................... #FUSES NOPROTECT             	//Code not protected from reading 
.................... #FUSES NOBROWNOUT            	//No brownout reset 
.................... #FUSES NOMCLR                	//Master Clear pin used for I/O 
.................... #FUSES NOLVP                 	//No low voltage prgming, B3(PIC16) or B5(PIC18) used for I/O 
.................... #FUSES NOCPD                 	//No EE protection 
....................  
.................... #use delay(clock=4000000) 
0004:  MOVLW  22
0005:  MOVWF  04
0006:  BCF    03.7
0007:  MOVF   00,W
0008:  BTFSC  03.2
0009:  GOTO   018
000A:  MOVLW  01
000B:  MOVWF  78
000C:  CLRF   77
000D:  DECFSZ 77,F
000E:  GOTO   00D
000F:  DECFSZ 78,F
0010:  GOTO   00C
0011:  MOVLW  4A
0012:  MOVWF  77
0013:  DECFSZ 77,F
0014:  GOTO   013
0015:  GOTO   016
0016:  DECFSZ 00,F
0017:  GOTO   00A
0018:  RETLW  00
....................  
....................  
....................  
.................... int yon=0; 
*
0022:  CLRF   20
....................  
.................... void main() 
.................... { 
*
0019:  CLRF   04
001A:  BCF    03.7
001B:  MOVLW  1F
001C:  ANDWF  03,F
001D:  BSF    03.5
001E:  BSF    0E.3
001F:  MOVLW  07
0020:  BCF    03.5
0021:  MOVWF  1F
....................  
....................    setup_timer_0(RTCC_INTERNAL|RTCC_DIV_1); 
*
0023:  BSF    03.5
0024:  MOVF   01,W
0025:  ANDLW  C7
0026:  IORLW  08
0027:  MOVWF  01
....................    setup_timer_1(T1_DISABLED); 
0028:  BCF    03.5
0029:  CLRF   10
....................    setup_timer_2(T2_DIV_BY_4,249,1); 
002A:  MOVLW  00
002B:  MOVWF  78
002C:  IORLW  05
002D:  MOVWF  12
002E:  MOVLW  F9
002F:  BSF    03.5
0030:  MOVWF  12
....................    setup_ccp1(CCP_PWM); 
0031:  BCF    06.3
0032:  BCF    03.5
0033:  BCF    06.3
0034:  MOVLW  0C
0035:  MOVWF  17
....................    set_pwm1_duty(125); 
0036:  MOVLW  7D
0037:  MOVWF  15
....................    setup_comparator(NC_NC_NC_NC); 
0038:  MOVLW  07
0039:  MOVWF  1F
003A:  BSF    03.5
003B:  MOVF   05,W
003C:  MOVLW  03
003D:  MOVWF  77
003E:  DECFSZ 77,F
003F:  GOTO   03E
0040:  BCF    03.5
0041:  MOVF   1F,W
0042:  BCF    0C.6
....................    setup_vref(FALSE); 
0043:  BSF    03.5
0044:  CLRF   1F
....................    output_high(pin_b7); 
0045:  BCF    06.7
0046:  BCF    03.5
0047:  BSF    06.7
....................  
....................    while(true) 
....................    { 
....................       if(input(pin_a0)==1 && yon==0 ) 
0048:  BSF    03.5
0049:  BSF    05.0
004A:  BCF    03.5
004B:  BTFSS  05.0
004C:  GOTO   060
004D:  MOVF   20,F
004E:  BTFSS  03.2
004F:  GOTO   060
....................       { 
....................          yon=1; 
0050:  MOVLW  01
0051:  MOVWF  20
....................          output_low(pin_b7); 
0052:  BSF    03.5
0053:  BCF    06.7
0054:  BCF    03.5
0055:  BCF    06.7
....................          set_pwm1_duty(0);   
0056:  CLRF   15
....................          delay_ms(4000); 
0057:  MOVLW  10
0058:  MOVWF  21
0059:  MOVLW  FA
005A:  MOVWF  22
005B:  CALL   004
005C:  DECFSZ 21,F
005D:  GOTO   059
....................          set_pwm1_duty(125); 
005E:  MOVLW  7D
005F:  MOVWF  15
....................       } 
....................        
....................       if(input(pin_a1)==1 && yon==1 ) 
0060:  BSF    03.5
0061:  BSF    05.1
0062:  BCF    03.5
0063:  BTFSS  05.1
0064:  GOTO   076
0065:  DECFSZ 20,W
0066:  GOTO   076
....................       { 
....................          yon=0; 
0067:  CLRF   20
....................          output_high(pin_b7); 
0068:  BSF    03.5
0069:  BCF    06.7
006A:  BCF    03.5
006B:  BSF    06.7
....................          set_pwm1_duty(0);   
006C:  CLRF   15
....................          delay_ms(4000); 
006D:  MOVLW  10
006E:  MOVWF  21
006F:  MOVLW  FA
0070:  MOVWF  22
0071:  CALL   004
0072:  DECFSZ 21,F
0073:  GOTO   06F
....................          set_pwm1_duty(125); 
0074:  MOVLW  7D
0075:  MOVWF  15
....................       }       
....................        
....................        
....................        
....................    } 
0076:  GOTO   048
....................  
.................... } 
0077:  SLEEP

Configuration Fuses:
   Word  1: 3F19   NOWDT NOPUT NOPROTECT NOBROWNOUT NOMCLR NOLVP INTRC NOCPD
